00
ZeroEqZero
01
ZeroNotEqualOne
00
ZeroEqZero
01
ZeroNotEqualOne
00
ZeroEqZero
01
ZeroNotEqualOne
00
ZeroEqZero
01
ZeroNotEqualOne
00
ZeroEqZero
01
ZeroNotEqualOne
00
ZeroEqZero
01
ZeroNotEqualOne
00
ZeroEqZero
01
ZeroNotEqualOne
00
ZeroEqZero
01
ZeroNotEqualOne
