
int main() {
   int local_x = 3
   int local_y;
   int local_z = 4;
}
