Compilation Error: Hooks Must Not Return Values.
In File tests/regress/bad-hook.lm Line 4 Column 1
