F104560123
04560123
F104560123
123456
F30123
0123F30123
123
F40123
0123F40123
123
F204560123
04560123
F204560123
123456
F504560123
04560123
F604560123
04560123
