Error: Duplicate Global Symbol f : Arrow<Cons<U64,U64>,Nil>
