10
01
01
011
10
110

10
01
01
011
10
110

10
01
01
011
10
110

10
01
01
011
10
110

10
01
01
011
10
110

10
01
01
011
10
110

10
01
01
011
10
110

10
01
01
011
10
110

10
01
01
011
10
110

10
01
01
011
10
110

10
01
01
011
10
110

10
01
01
011
10
110

10
01
01
011
10
110

10
01
01
011
10
110

10
01
01
011
10
110

10
01
01
011
10
110
