Error: Unknown Referenced Variable
In File tests/regress/enforce-scope.lm Line 9 Column 26
a
