Compilation Error: Size Of Type Cannot Be Determined Due To Forward Reference: A
