L1 []
L2 [1]
L3 [2,1]
L4 [3,2,1]
Reverse L4 [1,2,3]
L2+L4 [1,3,2,1]
