A
AAtom count=1 A
B
AAtom count=1 B
C
ACons count=1
AAtom count=1 A
AAtom count=1 B
D
ACons count=1
AAtom count=1 A
AAtom count=1 A
Del A
Del B
Del C
Del D
