(() (GExpr (: ((App ((: ((Literal 1) Atom)) (: ((Literal 2) Atom)))) Cons))))
