(TypeError ((InvalidArgument (-> (Atom Atom))) Nil))
