(() (Global (f (: ((App ((App ((Variable x) (Variable y))) (: ((Variable x) S)))) (-> ((Cons (S S)) S)))))))
