0000000000000000
0000000000000002
0000000000000009
000000000000271c
