[3,4]20123_123456789abcdefabcdef12[3][4,5,6][]_A.123123123123123123123123123123
